running egg_info
creating ../../build/vdi_brain/vdi_brain.egg-info
writing ../../build/vdi_brain/vdi_brain.egg-info/PKG-INFO
writing dependency_links to ../../build/vdi_brain/vdi_brain.egg-info/dependency_links.txt
writing entry points to ../../build/vdi_brain/vdi_brain.egg-info/entry_points.txt
writing requirements to ../../build/vdi_brain/vdi_brain.egg-info/requires.txt
writing top-level names to ../../build/vdi_brain/vdi_brain.egg-info/top_level.txt
writing manifest file '../../build/vdi_brain/vdi_brain.egg-info/SOURCES.txt'
reading manifest file '../../build/vdi_brain/vdi_brain.egg-info/SOURCES.txt'
writing manifest file '../../build/vdi_brain/vdi_brain.egg-info/SOURCES.txt'
running build
running build_py
creating /home/Sabari/projects/ObjectDetection/roadwork_perception_module/build/vdi_brain/build
creating /home/Sabari/projects/ObjectDetection/roadwork_perception_module/build/vdi_brain/build/lib
creating /home/Sabari/projects/ObjectDetection/roadwork_perception_module/build/vdi_brain/build/lib/vdi_brain
copying vdi_brain/intention_node.py -> /home/Sabari/projects/ObjectDetection/roadwork_perception_module/build/vdi_brain/build/lib/vdi_brain
copying vdi_brain/__init__.py -> /home/Sabari/projects/ObjectDetection/roadwork_perception_module/build/vdi_brain/build/lib/vdi_brain
running install
running install_lib
creating /home/Sabari/projects/ObjectDetection/roadwork_perception_module/install/vdi_brain/lib/python3.12/site-packages/vdi_brain
copying /home/Sabari/projects/ObjectDetection/roadwork_perception_module/build/vdi_brain/build/lib/vdi_brain/intention_node.py -> /home/Sabari/projects/ObjectDetection/roadwork_perception_module/install/vdi_brain/lib/python3.12/site-packages/vdi_brain
copying /home/Sabari/projects/ObjectDetection/roadwork_perception_module/build/vdi_brain/build/lib/vdi_brain/__init__.py -> /home/Sabari/projects/ObjectDetection/roadwork_perception_module/install/vdi_brain/lib/python3.12/site-packages/vdi_brain
byte-compiling /home/Sabari/projects/ObjectDetection/roadwork_perception_module/install/vdi_brain/lib/python3.12/site-packages/vdi_brain/intention_node.py to intention_node.cpython-312.pyc
byte-compiling /home/Sabari/projects/ObjectDetection/roadwork_perception_module/install/vdi_brain/lib/python3.12/site-packages/vdi_brain/__init__.py to __init__.cpython-312.pyc
running install_data
creating /home/Sabari/projects/ObjectDetection/roadwork_perception_module/install/vdi_brain/share/ament_index
creating /home/Sabari/projects/ObjectDetection/roadwork_perception_module/install/vdi_brain/share/ament_index/resource_index
creating /home/Sabari/projects/ObjectDetection/roadwork_perception_module/install/vdi_brain/share/ament_index/resource_index/packages
copying resource/vdi_brain -> /home/Sabari/projects/ObjectDetection/roadwork_perception_module/install/vdi_brain/share/ament_index/resource_index/packages
copying package.xml -> /home/Sabari/projects/ObjectDetection/roadwork_perception_module/install/vdi_brain/share/vdi_brain
running install_egg_info
Copying ../../build/vdi_brain/vdi_brain.egg-info to /home/Sabari/projects/ObjectDetection/roadwork_perception_module/install/vdi_brain/lib/python3.12/site-packages/vdi_brain-0.0.0-py3.12.egg-info
running install_scripts
Installing intention_node script to /home/Sabari/projects/ObjectDetection/roadwork_perception_module/install/vdi_brain/lib/vdi_brain
writing list of installed files to '/home/Sabari/projects/ObjectDetection/roadwork_perception_module/build/vdi_brain/install.log'
